../Core/Src/main.cpp:83:6:void DelayUs(uint32_t)	24	static
../Core/Src/main.cpp:90:6:void HAL_GPIO_EXTI_Callback(uint16_t)	16	static
../Core/Src/main.cpp:98:6:void prepareDshotPacket(uint16_t, uint16_t*)	40	static
../Core/Src/main.cpp:137:13:void SendDshotPacket()	8	static
../Core/Src/main.cpp:146:6:void HAL_TIM_PWM_PulseFinishedCallback(TIM_HandleTypeDef*)	16	static
../Core/Src/main.cpp:151:6:void HAL_TIM_PeriodElapsedCallback(TIM_HandleTypeDef*)	16	static
../Core/Src/main.cpp:164:5:int main()	8	static
../Core/Src/main.cpp:229:6:void SystemClock_Config()	88	static
../Core/Src/main.cpp:279:13:void MX_TIM1_Init()	80	static
../Core/Src/main.cpp:356:13:void MX_TIM2_Init()	56	static
../Core/Src/main.cpp:409:13:void MX_USART1_UART_Init()	8	static
../Core/Src/main.cpp:443:13:void MX_DMA_Init()	16	static
../Core/Src/main.cpp:495:13:void MX_GPIO_Init()	48	static
../Core/Src/main.cpp:561:6:void Error_Handler()	4	static,ignoring_inline_asm
../Core/Src/main.cpp:569:1:void __static_initialization_and_destruction_0(int, int)	16	static
../Core/Src/main.cpp:569:1:cpp)	8	static
../Core/Src/main.cpp:569:1:cpp)	8	static
