../Core/Src/main.c:87:5:main	8	static
../Core/Src/main.c:141:6:HAL_GPIO_EXTI_Callback	16	static
../Core/Src/main.c:148:6:DelayMs	24	static
../Core/Src/main.c:154:13:prepareDshotPacket	40	static
../Core/Src/main.c:193:13:SendDshotPacket	8	static
../Core/Src/main.c:201:6:HAL_TIM_PWM_PulseFinishedCallback	16	static
../Core/Src/main.c:214:6:SystemClock_Config	88	static
../Core/Src/main.c:264:13:MX_TIM1_Init	80	static
../Core/Src/main.c:341:13:MX_USART1_UART_Init	8	static
../Core/Src/main.c:374:13:MX_DMA_Init	16	static
../Core/Src/main.c:426:13:MX_GPIO_Init	48	static
../Core/Src/main.c:492:6:Error_Handler	4	static,ignoring_inline_asm
