../Core/Src/stm32f4xx_it.c:78:6:NMI_Handler	8	static
../Core/Src/stm32f4xx_it.c:94:6:HardFault_Handler	4	static
../Core/Src/stm32f4xx_it.c:109:6:MemManage_Handler	4	static
../Core/Src/stm32f4xx_it.c:124:6:BusFault_Handler	4	static
../Core/Src/stm32f4xx_it.c:139:6:UsageFault_Handler	4	static
../Core/Src/stm32f4xx_it.c:154:6:SVC_Handler	4	static
../Core/Src/stm32f4xx_it.c:167:6:DebugMon_Handler	4	static
../Core/Src/stm32f4xx_it.c:180:6:PendSV_Handler	4	static
../Core/Src/stm32f4xx_it.c:193:6:SysTick_Handler	8	static
../Core/Src/stm32f4xx_it.c:214:6:EXTI0_IRQHandler	8	static
../Core/Src/stm32f4xx_it.c:228:6:TIM2_IRQHandler	8	static
../Core/Src/stm32f4xx_it.c:242:6:USART1_IRQHandler	16	static
../Core/Src/stm32f4xx_it.c:266:6:DMA2_Stream1_IRQHandler	8	static
../Core/Src/stm32f4xx_it.c:280:6:DMA2_Stream2_IRQHandler	8	static
../Core/Src/stm32f4xx_it.c:294:6:DMA2_Stream4_IRQHandler	8	static
../Core/Src/stm32f4xx_it.c:308:6:DMA2_Stream5_IRQHandler	8	static
../Core/Src/stm32f4xx_it.c:322:6:DMA2_Stream6_IRQHandler	8	static
../Core/Src/stm32f4xx_it.c:336:6:DMA2_Stream7_IRQHandler	8	static
